// Jest Snapshot v1, https://goo.gl/fbAQLP

exports[`Testing Component <Video /> should Snapshot met 1`] = `
<styled.div>
  <styled.div>
    <input
      id="delete-btn"
      onClick={[Function]}
      title="delete"
      type="button"
      value="x"
    />
  </styled.div>
  <styled.p
    id="title"
  >
    Title Video
  </styled.p>
  <styled.p
    id="description"
  />
  <styled.p
    id="date"
  >
    Uploaded Date :
    NaN/NaN/NaN
  </styled.p>
  <ReactPlayer
    config={
      Object {
        "dailymotion": Object {
          "params": Object {
            "api": 1,
            "endscreen-enable": false,
          },
        },
        "facebook": Object {
          "appId": "1309697205772819",
          "attributes": Object {},
          "playerId": null,
          "version": "v3.3",
        },
        "file": Object {
          "attributes": Object {},
          "dashVersion": "3.1.3",
          "flvVersion": "1.5.0",
          "forceAudio": false,
          "forceDASH": false,
          "forceFLV": false,
          "forceHLS": false,
          "forceVideo": false,
          "hlsOptions": Object {},
          "hlsVersion": "0.14.16",
          "tracks": Array [],
        },
        "mixcloud": Object {
          "options": Object {
            "hide_cover": 1,
          },
        },
        "soundcloud": Object {
          "options": Object {
            "buying": false,
            "download": false,
            "liking": false,
            "sharing": false,
            "show_comments": false,
            "show_playcount": false,
            "visual": true,
          },
        },
        "twitch": Object {
          "options": Object {},
          "playerId": null,
        },
        "vidyard": Object {
          "options": Object {},
        },
        "vimeo": Object {
          "playerOptions": Object {
            "autopause": false,
            "byline": false,
            "portrait": false,
            "title": false,
          },
        },
        "wistia": Object {
          "customControls": null,
          "options": Object {},
          "playerId": null,
        },
        "youtube": Object {
          "embedOptions": Object {},
          "onUnstarted": [Function],
          "playerVars": Object {
            "iv_load_policy": 3,
            "modestbranding": 1,
            "playsinline": 1,
            "rel": 0,
            "showinfo": 0,
          },
        },
      }
    }
    controls={true}
    fallback={null}
    height="50%"
    id="someId"
    light={false}
    loop={false}
    muted={false}
    onBuffer={[Function]}
    onBufferEnd={[Function]}
    onClickPreview={[Function]}
    onDisablePIP={[Function]}
    onDuration={[Function]}
    onEnablePIP={[Function]}
    onEnded={[Function]}
    onError={[Function]}
    onPause={[Function]}
    onPlay={[Function]}
    onProgress={[Function]}
    onReady={[Function]}
    onSeek={[Function]}
    onStart={[Function]}
    pip={true}
    playbackRate={1}
    playing={false}
    playsinline={false}
    previewTabIndex={0}
    progressInterval={5000}
    stopOnUnmount={true}
    style={Object {}}
    url="https://www.google.com/some_path"
    volume={1}
    width="100%"
    wrapper="div"
  />
</styled.div>
`;
